******************************************************************************
                  MSP430 Linker PC v18.12.2                    
******************************************************************************
>> Linked Fri Apr 23 09:19:50 2021

OUTPUT FILE NAME:   <G2302_for_rc03_20210315.out>
ENTRY POINT SYMBOL: "_c_int00_noargs"  address: 0000f9f6


MEMORY CONFIGURATION

         name            origin    length      used     unused   attr    fill
----------------------  --------  ---------  --------  --------  ----  --------
  SFR                   00000000   00000010  00000000  00000010  RWIX
  PERIPHERALS_8BIT      00000010   000000f0  00000000  000000f0  RWIX
  PERIPHERALS_16BIT     00000100   00000100  00000000  00000100  RWIX
  RAM                   00000200   00000100  00000096  0000006a  RWIX
  INFOD                 00001000   00000040  00000000  00000040  RWIX
  INFOC                 00001040   00000040  00000000  00000040  RWIX
  INFOB                 00001080   00000040  00000000  00000040  RWIX
  INFOA                 000010c0   00000040  00000000  00000040  RWIX
  FLASH                 0000f000   00000fe0  00000afa  000004e6  RWIX
  INT00                 0000ffe0   00000002  00000000  00000002  RWIX
  INT01                 0000ffe2   00000002  00000000  00000002  RWIX
  INT02                 0000ffe4   00000002  00000002  00000000  RWIX
  INT03                 0000ffe6   00000002  00000002  00000000  RWIX
  INT04                 0000ffe8   00000002  00000002  00000000  RWIX
  INT05                 0000ffea   00000002  00000000  00000002  RWIX
  INT06                 0000ffec   00000002  00000000  00000002  RWIX
  INT07                 0000ffee   00000002  00000000  00000002  RWIX
  INT08                 0000fff0   00000002  00000002  00000000  RWIX
  INT09                 0000fff2   00000002  00000002  00000000  RWIX
  INT10                 0000fff4   00000002  00000002  00000000  RWIX
  INT11                 0000fff6   00000002  00000000  00000002  RWIX
  INT12                 0000fff8   00000002  00000000  00000002  RWIX
  INT13                 0000fffa   00000002  00000000  00000002  RWIX
  INT14                 0000fffc   00000002  00000002  00000000  RWIX
  RESET                 0000fffe   00000002  00000002  00000000  RWIX


SECTION ALLOCATION MAP

 output                                  attributes/
section   page    origin      length       input sections
--------  ----  ----------  ----------   ----------------
.bss       0    00000200    00000044     UNINITIALIZED
                  00000200    00000004     (.common:I2CCmd)
                  00000204    00000004     (.common:I2CPreTime)
                  00000208    00000004     (.common:I2CPreTimeRemain)
                  0000020c    00000004     (.common:I2CResetTimeOut)
                  00000210    00000004     (.common:I2CResetTimeOutRemain)
                  00000214    00000004     (.common:I2CResetTimes)
                  00000218    00000002     (.common:ActivePreTime)
                  0000021a    00000002     (.common:ActiveResetTimeOut)
                  0000021c    00000002     (.common:CountHalfSec)
                  0000021e    00000002     (.common:CountOneMin)
                  00000220    00000002     (.common:I2CPowerMode)
                  00000222    00000002     (.common:I2CState)
                  00000224    00000002     (.common:PowerButton)
                  00000226    00000002     (.common:ResetCountDown)
                  00000228    00000002     (.common:TimerCount)
                  0000022a    00000002     (.common:VLO50msCount)
                  0000022c    00000002     (.common:WDTState)
                  0000022e    00000002     (.common:pI2Cdata)
                  00000230    00000001     (.common:Count50ms)
                  00000231    00000001     (.common:I2CRegister)
                  00000232    00000001     (.common:LedCount)
                  00000233    00000001     (.common:LedCycle)
                  00000234    00000001     (.common:LedFlag)
                  00000235    00000001     (.common:PowerPulseCountDown)
                  00000236    00000001     (.common:ResetCount)
                  00000237    00000001     (.common:ResetFlag)
                  00000238    00000001     (.common:ResetPulseCountDown)
                  00000239    00000001     (.common:TimerHalfSecFlag)
                  0000023a    00000001     (.common:TimerMinFlag)
                  0000023b    00000001     (.common:WDICountDown)
                  0000023c    00000001     (.common:WDICurLevel)
                  0000023d    00000001     (.common:WDIPreLevel)
                  0000023e    00000001     (.common:WDITrigger)
                  0000023f    00000001     (.common:WDTCurLevel)
                  00000240    00000001     (.common:WDTPreLevel)
                  00000241    00000001     (.common:WachdogActive)
                  00000242    00000001     (.common:WaitInfoATimeOut)
                  00000243    00000001     (.common:i2c_data_count)

.data      0    00000244    00000002     UNINITIALIZED
                  00000244    00000002     main.obj (.data)

.stack     0    000002b0    00000050     UNINITIALIZED
                  000002b0    00000002     rts430_eabi.lib : boot.c.obj (.stack)
                  000002b2    0000004e     --HOLE--

.text      0    0000f000    00000ade     
                  0000f000    00000326     main.obj (.text:main)
                  0000f326    000001e2     main.obj (.text:USI_I2C_ISR)
                  0000f508    000000b0     main.obj (.text:I2CProceed)
                  0000f5b8    00000082     main.obj (.text:Timer0_A0)
                  0000f63a    0000007c     rts430_eabi.lib : copy_decompress_lzss.c.obj (.text:decompress:lzss:__TI_decompress_lzss)
                  0000f6b6    00000066     main.obj (.text:ResetInDetect)
                  0000f71c    00000058     rts430_eabi.lib : div32u.asm.obj (.text)
                  0000f774    0000004e     main.obj (.text:IOInit)
                  0000f7c2    0000004e     main.obj (.text:SetDCO)
                  0000f810    0000004e     main.obj (.text:WDTDetect)
                  0000f85e    0000004c     rts430_eabi.lib : lsr16.asm.obj (.text)
                  0000f8aa    00000042                     : autoinit.c.obj (.text:__TI_auto_init_nobinit_nopinit:__TI_auto_init_nobinit_nopinit)
                  0000f8ec    00000040     main.obj (.text:CalibrateVLO)
                  0000f92c    00000040     rts430_eabi.lib : div32s.asm.obj (.text)
                  0000f96c    0000002c                     : lsl16.asm.obj (.text)
                  0000f998    00000022     main.obj (.text:I2CInit)
                  0000f9ba    00000020     main.obj (.text:WDIDetect)
                  0000f9da    0000001c     main.obj (.text:Led_twinkle)
                  0000f9f6    0000001c     rts430_eabi.lib : boot.c.obj (.text:_c_int00_noargs)
                  0000fa12    00000014     main.obj (.text:TimerInit)
                  0000fa26    00000014     rts430_eabi.lib : copy_zero_init.c.obj (.text:decompress:ZI:__TI_zero_init_nomemset:__TI_zero_init_nomemset)
                  0000fa3a    00000014                     : mult16.asm.obj (.text)
                  0000fa4e    00000012                     : copy_decompress_none.c.obj (.text:decompress:none:__TI_decompress_none)
                  0000fa60    00000012                     : memcpy.c.obj (.text:memcpy)
                  0000fa72    00000010     main.obj (.text:Led_Disabled_twinkle)
                  0000fa82    00000010     rts430_eabi.lib : epilog.asm.obj (.text)
                  0000fa92    0000000e     main.obj (.text:HalfSecTimerDisabled)
                  0000faa0    0000000e     main.obj (.text:HalfSecTimerEnable)
                  0000faae    0000000e     main.obj (.text:MinTimerDisabled)
                  0000fabc    0000000e     main.obj (.text:MinTimerEnable)
                  0000faca    00000008     rts430_eabi.lib : isr_trap.asm.obj (.text:_isr:__TI_ISR_TRAP)
                  0000fad2    00000006                     : exit.c.obj (.text:abort)
                  0000fad8    00000004                     : pre_init.c.obj (.text:_system_pre_init)
                  0000fadc    00000002                     : startup.c.obj (.text:_system_post_cinit)

.const     0    0000fade    00000004     
                  0000fade    00000003     main.obj (.const:.string:FWVersion)
                  0000fae1    00000001     main.obj (.const)

.cinit     0    0000fae2    00000018     
                  0000fae2    00000006     (.cinit..data.load) [load image]
                  0000fae8    00000006     (__TI_handler_table)
                  0000faee    00000004     (.cinit..bss.load) [load image, compression = zero_init]
                  0000faf2    00000008     (__TI_cinit_table)

.binit     0    0000f000    00000000     

.init_array 
*          0    0000f000    00000000     UNINITIALIZED

PORT1      0    0000ffe4    00000002     
                  0000ffe4    00000002     rts430_eabi.lib : int02.asm.obj (.int02)

PORT2      0    0000ffe6    00000002     
                  0000ffe6    00000002     rts430_eabi.lib : int03.asm.obj (.int03)

USI        0    0000ffe8    00000002     
                  0000ffe8    00000002     main.obj (.int04)

TIMER0_A1 
*          0    0000fff0    00000002     
                  0000fff0    00000002     rts430_eabi.lib : int08.asm.obj (.int08)

TIMER0_A0 
*          0    0000fff2    00000002     
                  0000fff2    00000002     main.obj (.int09)

WDT        0    0000fff4    00000002     
                  0000fff4    00000002     rts430_eabi.lib : int10.asm.obj (.int10)

NMI        0    0000fffc    00000002     
                  0000fffc    00000002     rts430_eabi.lib : int14.asm.obj (.int14)

.reset     0    0000fffe    00000002     
                  0000fffe    00000002     rts430_eabi.lib : boot.c.obj (.reset)

MODULE SUMMARY

       Module                       code   ro data   rw data
       ------                       ----   -------   -------
    .\
       main.obj                     2180   8         70     
    +--+----------------------------+------+---------+---------+
       Total:                       2180   8         70     
                                                            
    D:\CCS9.1\install\ccs\tools\compiler\ti-cgt-msp430_18.12.2.LTS\lib\rts430_eabi.lib
       copy_decompress_lzss.c.obj   124    0         0      
       div32u.asm.obj               88     0         0      
       lsr16.asm.obj                76     0         0      
       autoinit.c.obj               66     0         0      
       div32s.asm.obj               64     0         0      
       lsl16.asm.obj                44     0         0      
       boot.c.obj                   28     2         0      
       copy_zero_init.c.obj         20     0         0      
       mult16.asm.obj               20     0         0      
       copy_decompress_none.c.obj   18     0         0      
       memcpy.c.obj                 18     0         0      
       epilog.asm.obj               16     0         0      
       isr_trap.asm.obj             8      0         0      
       exit.c.obj                   6      0         0      
       pre_init.c.obj               4      0         0      
       int02.asm.obj                0      2         0      
       int03.asm.obj                0      2         0      
       int08.asm.obj                0      2         0      
       int10.asm.obj                0      2         0      
       int14.asm.obj                0      2         0      
       startup.c.obj                2      0         0      
    +--+----------------------------+------+---------+---------+
       Total:                       602    12        0      
                                                            
       Stack:                       0      0         80     
       Linker Generated:            0      24        0      
    +--+----------------------------+------+---------+---------+
       Grand Total:                 2782   44        150    


LINKER GENERATED COPY TABLES

__TI_cinit_table @ 0000faf2 records: 2, size/record: 4, table size: 8
	.data: load addr=0000fae2, load size=00000006 bytes, run addr=00000244, run size=00000002 bytes, compression=copy
	.bss: load addr=0000faee, load size=00000004 bytes, run addr=00000200, run size=00000044 bytes, compression=zero_init


LINKER GENERATED HANDLER TABLE

__TI_handler_table @ 0000fae8 records: 3, size/record: 2, table size: 6
	index: 0, handler: __TI_zero_init
	index: 1, handler: __TI_decompress_lzss
	index: 2, handler: __TI_decompress_none


GLOBAL SYMBOLS: SORTED ALPHABETICALLY BY Name 

address   name                          
-------   ----                          
00000218  ActivePreTime                 
0000021a  ActiveResetTimeOut            
00000057  BCSCTL1                       
00000058  BCSCTL2                       
00000053  BCSCTL3                       
0000fad2  C$$EXIT                       
000010fb  CALBC1_12MHZ                  
000010f9  CALBC1_16MHZ                  
000010ff  CALBC1_1MHZ                   
000010fd  CALBC1_8MHZ                   
000010fa  CALDCO_12MHZ                  
000010f8  CALDCO_16MHZ                  
000010fe  CALDCO_1MHZ                   
000010fc  CALDCO_8MHZ                   
0000f8ec  CalibrateVLO                  
00000230  Count50ms                     
0000021c  CountHalfSec                  
0000021e  CountOneMin                   
00000056  DCOCTL                        
00000128  FCTL1                         
0000012a  FCTL2                         
0000012c  FCTL3                         
0000fade  FWVersion                     
0000fa92  HalfSecTimerDisabled          
0000faa0  HalfSecTimerEnable            
00000200  I2CCmd                        
0000f998  I2CInit                       
00000220  I2CPowerMode                  
00000204  I2CPreTime                    
00000208  I2CPreTimeRemain              
0000f508  I2CProceed                    
00000231  I2CRegister                   
0000020c  I2CResetTimeOut               
00000210  I2CResetTimeOutRemain         
00000214  I2CResetTimes                 
00000222  I2CState                      
00000000  IE1                           
00000002  IFG1                          
0000f774  IOInit                        
00000232  LedCount                      
00000233  LedCycle                      
00000234  LedFlag                       
0000fa72  Led_Disabled_twinkle          
0000f9da  Led_twinkle                   
0000faae  MinTimerDisabled              
0000fabc  MinTimerEnable                
0000fae1  NullData                      
00000022  P1DIR                         
00000025  P1IE                          
00000024  P1IES                         
00000023  P1IFG                         
00000020  P1IN                          
00000021  P1OUT                         
00000027  P1REN                         
00000026  P1SEL                         
00000041  P1SEL2                        
0000002a  P2DIR                         
0000002d  P2IE                          
0000002c  P2IES                         
0000002b  P2IFG                         
00000028  P2IN                          
00000029  P2OUT                         
0000002f  P2REN                         
0000002e  P2SEL                         
00000042  P2SEL2                        
00000224  PowerButton                   
00000235  PowerPulseCountDown           
00000236  ResetCount                    
00000226  ResetCountDown                
00000237  ResetFlag                     
00000244  ResetInCount                  
0000f6b6  ResetInDetect                 
00000238  ResetPulseCountDown           
0000f7c2  SetDCO                        
00000172  TA0CCR0                       
00000174  TA0CCR1                       
00000176  TA0CCR2                       
00000162  TA0CCTL0                      
00000164  TA0CCTL1                      
00000166  TA0CCTL2                      
00000160  TA0CTL                        
0000012e  TA0IV                         
00000170  TA0R                          
000010db  TLV_ADC10_1_LEN               
000010da  TLV_ADC10_1_TAG               
000010c0  TLV_CHECKSUM                  
000010f7  TLV_DCO_30_LEN                
000010f6  TLV_DCO_30_TAG                
0000f5b8  Timer0_A0                     
00000228  TimerCount                    
00000239  TimerHalfSecFlag              
0000fa12  TimerInit                     
0000023a  TimerMinFlag                  
0000007a  USICCTL                       
0000007a  USICKCTL                      
0000007b  USICNT                        
00000078  USICTL                        
00000078  USICTL0                       
00000079  USICTL1                       
0000007c  USISR                         
0000007d  USISRH                        
0000007c  USISRL                        
0000f326  USI_I2C_ISR                   
0000022a  VLO50msCount                  
0000023b  WDICountDown                  
0000023c  WDICurLevel                   
0000f9ba  WDIDetect                     
0000023d  WDIPreLevel                   
0000023e  WDITrigger                    
00000120  WDTCTL                        
0000023f  WDTCurLevel                   
0000f810  WDTDetect                     
00000240  WDTPreLevel                   
0000022c  WDTState                      
00000241  WachdogActive                 
00000242  WaitInfoATimeOut              
00000300  __STACK_END                   
00000050  __STACK_SIZE                  
0000faf2  __TI_CINIT_Base               
0000fafa  __TI_CINIT_Limit              
0000fae8  __TI_Handler_Table_Base       
0000faee  __TI_Handler_Table_Limit      
0000faca  __TI_ISR_TRAP                 
0000f8aa  __TI_auto_init_nobinit_nopinit
0000f63a  __TI_decompress_lzss          
0000fa4e  __TI_decompress_none          
0000ffe4  __TI_int02                    
0000ffe6  __TI_int03                    
0000ffe8  __TI_int04                    
0000fff0  __TI_int08                    
0000fff2  __TI_int09                    
0000fff4  __TI_int10                    
0000fffc  __TI_int14                    
ffffffff  __TI_pprof_out_hndl           
ffffffff  __TI_prof_data_size           
ffffffff  __TI_prof_data_start          
0000fa26  __TI_zero_init_nomemset       
ffffffff  __c_args__                    
0000f92c  __mspabi_divli                
0000f71c  __mspabi_divul                
0000fa8e  __mspabi_func_epilog_1        
0000fa8c  __mspabi_func_epilog_2        
0000fa8a  __mspabi_func_epilog_3        
0000fa88  __mspabi_func_epilog_4        
0000fa86  __mspabi_func_epilog_5        
0000fa84  __mspabi_func_epilog_6        
0000fa82  __mspabi_func_epilog_7        
0000fa3a  __mspabi_mpyi                 
0000fa3a  __mspabi_mpyi_sw              
0000f92c  __mspabi_remli                
0000f71c  __mspabi_remul                
0000f96c  __mspabi_slli                 
0000f994  __mspabi_slli_1               
0000f982  __mspabi_slli_10              
0000f980  __mspabi_slli_11              
0000f97e  __mspabi_slli_12              
0000f97c  __mspabi_slli_13              
0000f97a  __mspabi_slli_14              
0000f978  __mspabi_slli_15              
0000f992  __mspabi_slli_2               
0000f990  __mspabi_slli_3               
0000f98e  __mspabi_slli_4               
0000f98c  __mspabi_slli_5               
0000f98a  __mspabi_slli_6               
0000f988  __mspabi_slli_7               
0000f986  __mspabi_slli_8               
0000f984  __mspabi_slli_9               
0000f85e  __mspabi_srli                 
0000f8a4  __mspabi_srli_1               
0000f880  __mspabi_srli_10              
0000f87c  __mspabi_srli_11              
0000f878  __mspabi_srli_12              
0000f874  __mspabi_srli_13              
0000f870  __mspabi_srli_14              
0000f86c  __mspabi_srli_15              
0000f8a0  __mspabi_srli_2               
0000f89c  __mspabi_srli_3               
0000f898  __mspabi_srli_4               
0000f894  __mspabi_srli_5               
0000f890  __mspabi_srli_6               
0000f88c  __mspabi_srli_7               
0000f888  __mspabi_srli_8               
0000f884  __mspabi_srli_9               
0000f9f6  _c_int00_noargs               
0000fffe  _reset_vector                 
000002b0  _stack                        
0000fadc  _system_post_cinit            
0000fad8  _system_pre_init              
0000fad2  abort                         
00000243  i2c_data_count                
0000f000  main                          
0000fa60  memcpy                        
0000022e  pI2Cdata                      


GLOBAL SYMBOLS: SORTED BY Symbol Address 

address   name                          
-------   ----                          
00000000  IE1                           
00000002  IFG1                          
00000020  P1IN                          
00000021  P1OUT                         
00000022  P1DIR                         
00000023  P1IFG                         
00000024  P1IES                         
00000025  P1IE                          
00000026  P1SEL                         
00000027  P1REN                         
00000028  P2IN                          
00000029  P2OUT                         
0000002a  P2DIR                         
0000002b  P2IFG                         
0000002c  P2IES                         
0000002d  P2IE                          
0000002e  P2SEL                         
0000002f  P2REN                         
00000041  P1SEL2                        
00000042  P2SEL2                        
00000050  __STACK_SIZE                  
00000053  BCSCTL3                       
00000056  DCOCTL                        
00000057  BCSCTL1                       
00000058  BCSCTL2                       
00000078  USICTL                        
00000078  USICTL0                       
00000079  USICTL1                       
0000007a  USICCTL                       
0000007a  USICKCTL                      
0000007b  USICNT                        
0000007c  USISR                         
0000007c  USISRL                        
0000007d  USISRH                        
00000120  WDTCTL                        
00000128  FCTL1                         
0000012a  FCTL2                         
0000012c  FCTL3                         
0000012e  TA0IV                         
00000160  TA0CTL                        
00000162  TA0CCTL0                      
00000164  TA0CCTL1                      
00000166  TA0CCTL2                      
00000170  TA0R                          
00000172  TA0CCR0                       
00000174  TA0CCR1                       
00000176  TA0CCR2                       
00000200  I2CCmd                        
00000204  I2CPreTime                    
00000208  I2CPreTimeRemain              
0000020c  I2CResetTimeOut               
00000210  I2CResetTimeOutRemain         
00000214  I2CResetTimes                 
00000218  ActivePreTime                 
0000021a  ActiveResetTimeOut            
0000021c  CountHalfSec                  
0000021e  CountOneMin                   
00000220  I2CPowerMode                  
00000222  I2CState                      
00000224  PowerButton                   
00000226  ResetCountDown                
00000228  TimerCount                    
0000022a  VLO50msCount                  
0000022c  WDTState                      
0000022e  pI2Cdata                      
00000230  Count50ms                     
00000231  I2CRegister                   
00000232  LedCount                      
00000233  LedCycle                      
00000234  LedFlag                       
00000235  PowerPulseCountDown           
00000236  ResetCount                    
00000237  ResetFlag                     
00000238  ResetPulseCountDown           
00000239  TimerHalfSecFlag              
0000023a  TimerMinFlag                  
0000023b  WDICountDown                  
0000023c  WDICurLevel                   
0000023d  WDIPreLevel                   
0000023e  WDITrigger                    
0000023f  WDTCurLevel                   
00000240  WDTPreLevel                   
00000241  WachdogActive                 
00000242  WaitInfoATimeOut              
00000243  i2c_data_count                
00000244  ResetInCount                  
000002b0  _stack                        
00000300  __STACK_END                   
000010c0  TLV_CHECKSUM                  
000010da  TLV_ADC10_1_TAG               
000010db  TLV_ADC10_1_LEN               
000010f6  TLV_DCO_30_TAG                
000010f7  TLV_DCO_30_LEN                
000010f8  CALDCO_16MHZ                  
000010f9  CALBC1_16MHZ                  
000010fa  CALDCO_12MHZ                  
000010fb  CALBC1_12MHZ                  
000010fc  CALDCO_8MHZ                   
000010fd  CALBC1_8MHZ                   
000010fe  CALDCO_1MHZ                   
000010ff  CALBC1_1MHZ                   
0000f000  main                          
0000f326  USI_I2C_ISR                   
0000f508  I2CProceed                    
0000f5b8  Timer0_A0                     
0000f63a  __TI_decompress_lzss          
0000f6b6  ResetInDetect                 
0000f71c  __mspabi_divul                
0000f71c  __mspabi_remul                
0000f774  IOInit                        
0000f7c2  SetDCO                        
0000f810  WDTDetect                     
0000f85e  __mspabi_srli                 
0000f86c  __mspabi_srli_15              
0000f870  __mspabi_srli_14              
0000f874  __mspabi_srli_13              
0000f878  __mspabi_srli_12              
0000f87c  __mspabi_srli_11              
0000f880  __mspabi_srli_10              
0000f884  __mspabi_srli_9               
0000f888  __mspabi_srli_8               
0000f88c  __mspabi_srli_7               
0000f890  __mspabi_srli_6               
0000f894  __mspabi_srli_5               
0000f898  __mspabi_srli_4               
0000f89c  __mspabi_srli_3               
0000f8a0  __mspabi_srli_2               
0000f8a4  __mspabi_srli_1               
0000f8aa  __TI_auto_init_nobinit_nopinit
0000f8ec  CalibrateVLO                  
0000f92c  __mspabi_divli                
0000f92c  __mspabi_remli                
0000f96c  __mspabi_slli                 
0000f978  __mspabi_slli_15              
0000f97a  __mspabi_slli_14              
0000f97c  __mspabi_slli_13              
0000f97e  __mspabi_slli_12              
0000f980  __mspabi_slli_11              
0000f982  __mspabi_slli_10              
0000f984  __mspabi_slli_9               
0000f986  __mspabi_slli_8               
0000f988  __mspabi_slli_7               
0000f98a  __mspabi_slli_6               
0000f98c  __mspabi_slli_5               
0000f98e  __mspabi_slli_4               
0000f990  __mspabi_slli_3               
0000f992  __mspabi_slli_2               
0000f994  __mspabi_slli_1               
0000f998  I2CInit                       
0000f9ba  WDIDetect                     
0000f9da  Led_twinkle                   
0000f9f6  _c_int00_noargs               
0000fa12  TimerInit                     
0000fa26  __TI_zero_init_nomemset       
0000fa3a  __mspabi_mpyi                 
0000fa3a  __mspabi_mpyi_sw              
0000fa4e  __TI_decompress_none          
0000fa60  memcpy                        
0000fa72  Led_Disabled_twinkle          
0000fa82  __mspabi_func_epilog_7        
0000fa84  __mspabi_func_epilog_6        
0000fa86  __mspabi_func_epilog_5        
0000fa88  __mspabi_func_epilog_4        
0000fa8a  __mspabi_func_epilog_3        
0000fa8c  __mspabi_func_epilog_2        
0000fa8e  __mspabi_func_epilog_1        
0000fa92  HalfSecTimerDisabled          
0000faa0  HalfSecTimerEnable            
0000faae  MinTimerDisabled              
0000fabc  MinTimerEnable                
0000faca  __TI_ISR_TRAP                 
0000fad2  C$$EXIT                       
0000fad2  abort                         
0000fad8  _system_pre_init              
0000fadc  _system_post_cinit            
0000fade  FWVersion                     
0000fae1  NullData                      
0000fae8  __TI_Handler_Table_Base       
0000faee  __TI_Handler_Table_Limit      
0000faf2  __TI_CINIT_Base               
0000fafa  __TI_CINIT_Limit              
0000ffe4  __TI_int02                    
0000ffe6  __TI_int03                    
0000ffe8  __TI_int04                    
0000fff0  __TI_int08                    
0000fff2  __TI_int09                    
0000fff4  __TI_int10                    
0000fffc  __TI_int14                    
0000fffe  _reset_vector                 
ffffffff  __TI_pprof_out_hndl           
ffffffff  __TI_prof_data_size           
ffffffff  __TI_prof_data_start          
ffffffff  __c_args__                    

[193 symbols]
