******************************************************************************
                  MSP430 Linker PC v18.12.2                    
******************************************************************************
>> Linked Mon Apr 19 13:41:53 2021

OUTPUT FILE NAME:   <G2302_for_rc03_20210315.out>
ENTRY POINT SYMBOL: "_c_int00_noargs"  address: 0000f900


MEMORY CONFIGURATION

         name            origin    length      used     unused   attr    fill
----------------------  --------  ---------  --------  --------  ----  --------
  SFR                   00000000   00000010  00000000  00000010  RWIX
  PERIPHERALS_8BIT      00000010   000000f0  00000000  000000f0  RWIX
  PERIPHERALS_16BIT     00000100   00000100  00000000  00000100  RWIX
  RAM                   00000200   00000100  00000092  0000006e  RWIX
  INFOD                 00001000   00000040  00000000  00000040  RWIX
  INFOC                 00001040   00000040  00000000  00000040  RWIX
  INFOB                 00001080   00000040  00000000  00000040  RWIX
  INFOA                 000010c0   00000040  00000000  00000040  RWIX
  FLASH                 0000f000   00000fe0  00000a02  000005de  RWIX
  INT00                 0000ffe0   00000002  00000000  00000002  RWIX
  INT01                 0000ffe2   00000002  00000000  00000002  RWIX
  INT02                 0000ffe4   00000002  00000002  00000000  RWIX
  INT03                 0000ffe6   00000002  00000002  00000000  RWIX
  INT04                 0000ffe8   00000002  00000002  00000000  RWIX
  INT05                 0000ffea   00000002  00000000  00000002  RWIX
  INT06                 0000ffec   00000002  00000000  00000002  RWIX
  INT07                 0000ffee   00000002  00000000  00000002  RWIX
  INT08                 0000fff0   00000002  00000002  00000000  RWIX
  INT09                 0000fff2   00000002  00000002  00000000  RWIX
  INT10                 0000fff4   00000002  00000002  00000000  RWIX
  INT11                 0000fff6   00000002  00000000  00000002  RWIX
  INT12                 0000fff8   00000002  00000000  00000002  RWIX
  INT13                 0000fffa   00000002  00000000  00000002  RWIX
  INT14                 0000fffc   00000002  00000002  00000000  RWIX
  RESET                 0000fffe   00000002  00000002  00000000  RWIX


SECTION ALLOCATION MAP

 output                                  attributes/
section   page    origin      length       input sections
--------  ----  ----------  ----------   ----------------
.bss       0    00000200    00000040     UNINITIALIZED
                  00000200    00000004     (.common:I2CCmd)
                  00000204    00000004     (.common:I2CPreTime)
                  00000208    00000004     (.common:I2CPreTimeRemain)
                  0000020c    00000004     (.common:I2CResetTimeOut)
                  00000210    00000004     (.common:I2CResetTimeOutRemain)
                  00000214    00000002     (.common:ActivePreTime)
                  00000216    00000002     (.common:ActiveResetTimeOut)
                  00000218    00000002     (.common:CountHalfSec)
                  0000021a    00000002     (.common:CountOneMin)
                  0000021c    00000002     (.common:I2CPowerMode)
                  0000021e    00000002     (.common:I2CState)
                  00000220    00000002     (.common:PowerButton)
                  00000222    00000002     (.common:ResetCountDown)
                  00000224    00000002     (.common:TimerCount)
                  00000226    00000002     (.common:VLO50msCount)
                  00000228    00000002     (.common:WDTState)
                  0000022a    00000002     (.common:pI2Cdata)
                  0000022c    00000001     (.common:Count50ms)
                  0000022d    00000001     (.common:I2CRegister)
                  0000022e    00000001     (.common:LedCount)
                  0000022f    00000001     (.common:LedCycle)
                  00000230    00000001     (.common:LedFlag)
                  00000231    00000001     (.common:PowerPulseCountDown)
                  00000232    00000001     (.common:ResetCount)
                  00000233    00000001     (.common:ResetFlag)
                  00000234    00000001     (.common:ResetPulseCountDown)
                  00000235    00000001     (.common:TimerHalfSecFlag)
                  00000236    00000001     (.common:TimerMinFlag)
                  00000237    00000001     (.common:WDICountDown)
                  00000238    00000001     (.common:WDICurLevel)
                  00000239    00000001     (.common:WDIPreLevel)
                  0000023a    00000001     (.common:WDITrigger)
                  0000023b    00000001     (.common:WDTCurLevel)
                  0000023c    00000001     (.common:WDTPreLevel)
                  0000023d    00000001     (.common:WachdogActive)
                  0000023e    00000001     (.common:WaitInfoATimeOut)
                  0000023f    00000001     (.common:i2c_data_count)

.data      0    00000240    00000002     UNINITIALIZED
                  00000240    00000002     main.obj (.data)

.stack     0    000002b0    00000050     UNINITIALIZED
                  000002b0    00000002     rts430_eabi.lib : boot.c.obj (.stack)
                  000002b2    0000004e     --HOLE--

.text      0    0000f000    000009e6     
                  0000f000    00000288     main.obj (.text:main)
                  0000f288    000001c2     main.obj (.text:USI_I2C_ISR)
                  0000f44a    000000b2     main.obj (.text:I2CProceed)
                  0000f4fc    00000082     main.obj (.text:Timer0_A0)
                  0000f57e    0000007c     rts430_eabi.lib : copy_decompress_lzss.c.obj (.text:decompress:lzss:__TI_decompress_lzss)
                  0000f5fa    00000060     main.obj (.text:ResetInDetect)
                  0000f65a    00000058     rts430_eabi.lib : div32u.asm.obj (.text)
                  0000f6b2    0000004e     main.obj (.text:WDTDetect)
                  0000f700    0000004c     rts430_eabi.lib : lsr16.asm.obj (.text)
                  0000f74c    00000048     main.obj (.text:IOInit)
                  0000f794    00000044     main.obj (.text:SetDCO)
                  0000f7d8    00000042     rts430_eabi.lib : autoinit.c.obj (.text:__TI_auto_init_nobinit_nopinit:__TI_auto_init_nobinit_nopinit)
                  0000f81a    00000040                     : div32s.asm.obj (.text)
                  0000f85a    00000038     main.obj (.text:CalibrateVLO)
                  0000f892    0000002c     rts430_eabi.lib : lsl16.asm.obj (.text)
                  0000f8be    00000022     main.obj (.text:I2CInit)
                  0000f8e0    00000020     main.obj (.text:WDIDetect)
                  0000f900    0000001c     rts430_eabi.lib : boot.c.obj (.text:_c_int00_noargs)
                  0000f91c    00000014     main.obj (.text:Led_twinkle)
                  0000f930    00000014     main.obj (.text:TimerInit)
                  0000f944    00000014     rts430_eabi.lib : copy_zero_init.c.obj (.text:decompress:ZI:__TI_zero_init_nomemset:__TI_zero_init_nomemset)
                  0000f958    00000014                     : mult16.asm.obj (.text)
                  0000f96c    00000012                     : copy_decompress_none.c.obj (.text:decompress:none:__TI_decompress_none)
                  0000f97e    00000012                     : memcpy.c.obj (.text:memcpy)
                  0000f990    00000010     main.obj (.text:Led_Disabled_twinkle)
                  0000f9a0    00000010     rts430_eabi.lib : epilog.asm.obj (.text)
                  0000f9b0    0000000e     main.obj (.text:HalfSecTimerDisabled)
                  0000f9be    0000000e     main.obj (.text:MinTimerDisabled)
                  0000f9cc    00000008     rts430_eabi.lib : isr_trap.asm.obj (.text:_isr:__TI_ISR_TRAP)
                  0000f9d4    00000006     main.obj (.text:HalfSecTimerEnable)
                  0000f9da    00000006     rts430_eabi.lib : exit.c.obj (.text:abort)
                  0000f9e0    00000004                     : pre_init.c.obj (.text:_system_pre_init)
                  0000f9e4    00000002                     : startup.c.obj (.text:_system_post_cinit)

.const     0    0000f9e6    00000004     
                  0000f9e6    00000003     main.obj (.const:.string:FWVersion)
                  0000f9e9    00000001     main.obj (.const)

.cinit     0    0000f9ea    00000018     
                  0000f9ea    00000006     (.cinit..data.load) [load image]
                  0000f9f0    00000006     (__TI_handler_table)
                  0000f9f6    00000004     (.cinit..bss.load) [load image, compression = zero_init]
                  0000f9fa    00000008     (__TI_cinit_table)

.binit     0    0000f000    00000000     

.init_array 
*          0    0000f000    00000000     UNINITIALIZED

PORT1      0    0000ffe4    00000002     
                  0000ffe4    00000002     rts430_eabi.lib : int02.asm.obj (.int02)

PORT2      0    0000ffe6    00000002     
                  0000ffe6    00000002     rts430_eabi.lib : int03.asm.obj (.int03)

USI        0    0000ffe8    00000002     
                  0000ffe8    00000002     main.obj (.int04)

TIMER0_A1 
*          0    0000fff0    00000002     
                  0000fff0    00000002     rts430_eabi.lib : int08.asm.obj (.int08)

TIMER0_A0 
*          0    0000fff2    00000002     
                  0000fff2    00000002     main.obj (.int09)

WDT        0    0000fff4    00000002     
                  0000fff4    00000002     rts430_eabi.lib : int10.asm.obj (.int10)

NMI        0    0000fffc    00000002     
                  0000fffc    00000002     rts430_eabi.lib : int14.asm.obj (.int14)

.reset     0    0000fffe    00000002     
                  0000fffe    00000002     rts430_eabi.lib : boot.c.obj (.reset)

MODULE SUMMARY

       Module                       code   ro data   rw data
       ------                       ----   -------   -------
    .\
       main.obj                     1932   8         66     
    +--+----------------------------+------+---------+---------+
       Total:                       1932   8         66     
                                                            
    D:\CCS9.1\install\ccs\tools\compiler\ti-cgt-msp430_18.12.2.LTS\lib\rts430_eabi.lib
       copy_decompress_lzss.c.obj   124    0         0      
       div32u.asm.obj               88     0         0      
       lsr16.asm.obj                76     0         0      
       autoinit.c.obj               66     0         0      
       div32s.asm.obj               64     0         0      
       lsl16.asm.obj                44     0         0      
       boot.c.obj                   28     2         0      
       copy_zero_init.c.obj         20     0         0      
       mult16.asm.obj               20     0         0      
       copy_decompress_none.c.obj   18     0         0      
       memcpy.c.obj                 18     0         0      
       epilog.asm.obj               16     0         0      
       isr_trap.asm.obj             8      0         0      
       exit.c.obj                   6      0         0      
       pre_init.c.obj               4      0         0      
       int02.asm.obj                0      2         0      
       int03.asm.obj                0      2         0      
       int08.asm.obj                0      2         0      
       int10.asm.obj                0      2         0      
       int14.asm.obj                0      2         0      
       startup.c.obj                2      0         0      
    +--+----------------------------+------+---------+---------+
       Total:                       602    12        0      
                                                            
       Stack:                       0      0         80     
       Linker Generated:            0      24        0      
    +--+----------------------------+------+---------+---------+
       Grand Total:                 2534   44        146    


LINKER GENERATED COPY TABLES

__TI_cinit_table @ 0000f9fa records: 2, size/record: 4, table size: 8
	.data: load addr=0000f9ea, load size=00000006 bytes, run addr=00000240, run size=00000002 bytes, compression=copy
	.bss: load addr=0000f9f6, load size=00000004 bytes, run addr=00000200, run size=00000040 bytes, compression=zero_init


LINKER GENERATED HANDLER TABLE

__TI_handler_table @ 0000f9f0 records: 3, size/record: 2, table size: 6
	index: 0, handler: __TI_zero_init
	index: 1, handler: __TI_decompress_lzss
	index: 2, handler: __TI_decompress_none


GLOBAL SYMBOLS: SORTED ALPHABETICALLY BY Name 

address   name                          
-------   ----                          
00000214  ActivePreTime                 
00000216  ActiveResetTimeOut            
00000057  BCSCTL1                       
00000058  BCSCTL2                       
00000053  BCSCTL3                       
0000f9da  C$$EXIT                       
000010fb  CALBC1_12MHZ                  
000010f9  CALBC1_16MHZ                  
000010ff  CALBC1_1MHZ                   
000010fd  CALBC1_8MHZ                   
000010fa  CALDCO_12MHZ                  
000010f8  CALDCO_16MHZ                  
000010fe  CALDCO_1MHZ                   
000010fc  CALDCO_8MHZ                   
0000f85a  CalibrateVLO                  
0000022c  Count50ms                     
00000218  CountHalfSec                  
0000021a  CountOneMin                   
00000056  DCOCTL                        
00000128  FCTL1                         
0000012a  FCTL2                         
0000012c  FCTL3                         
0000f9e6  FWVersion                     
0000f9b0  HalfSecTimerDisabled          
0000f9d4  HalfSecTimerEnable            
00000200  I2CCmd                        
0000f8be  I2CInit                       
0000021c  I2CPowerMode                  
00000204  I2CPreTime                    
00000208  I2CPreTimeRemain              
0000f44a  I2CProceed                    
0000022d  I2CRegister                   
0000020c  I2CResetTimeOut               
00000210  I2CResetTimeOutRemain         
0000021e  I2CState                      
00000000  IE1                           
00000002  IFG1                          
0000f74c  IOInit                        
0000022e  LedCount                      
0000022f  LedCycle                      
00000230  LedFlag                       
0000f990  Led_Disabled_twinkle          
0000f91c  Led_twinkle                   
0000f9be  MinTimerDisabled              
0000f9e9  NullData                      
00000022  P1DIR                         
00000025  P1IE                          
00000024  P1IES                         
00000023  P1IFG                         
00000020  P1IN                          
00000021  P1OUT                         
00000027  P1REN                         
00000026  P1SEL                         
00000041  P1SEL2                        
0000002a  P2DIR                         
0000002d  P2IE                          
0000002c  P2IES                         
0000002b  P2IFG                         
00000028  P2IN                          
00000029  P2OUT                         
0000002f  P2REN                         
0000002e  P2SEL                         
00000042  P2SEL2                        
00000220  PowerButton                   
00000231  PowerPulseCountDown           
00000232  ResetCount                    
00000222  ResetCountDown                
00000233  ResetFlag                     
00000240  ResetInCount                  
0000f5fa  ResetInDetect                 
00000234  ResetPulseCountDown           
0000f794  SetDCO                        
00000172  TA0CCR0                       
00000174  TA0CCR1                       
00000176  TA0CCR2                       
00000162  TA0CCTL0                      
00000164  TA0CCTL1                      
00000166  TA0CCTL2                      
00000160  TA0CTL                        
0000012e  TA0IV                         
00000170  TA0R                          
000010db  TLV_ADC10_1_LEN               
000010da  TLV_ADC10_1_TAG               
000010c0  TLV_CHECKSUM                  
000010f7  TLV_DCO_30_LEN                
000010f6  TLV_DCO_30_TAG                
0000f4fc  Timer0_A0                     
00000224  TimerCount                    
00000235  TimerHalfSecFlag              
0000f930  TimerInit                     
00000236  TimerMinFlag                  
0000007a  USICCTL                       
0000007a  USICKCTL                      
0000007b  USICNT                        
00000078  USICTL                        
00000078  USICTL0                       
00000079  USICTL1                       
0000007c  USISR                         
0000007d  USISRH                        
0000007c  USISRL                        
0000f288  USI_I2C_ISR                   
00000226  VLO50msCount                  
00000237  WDICountDown                  
00000238  WDICurLevel                   
0000f8e0  WDIDetect                     
00000239  WDIPreLevel                   
0000023a  WDITrigger                    
00000120  WDTCTL                        
0000023b  WDTCurLevel                   
0000f6b2  WDTDetect                     
0000023c  WDTPreLevel                   
00000228  WDTState                      
0000023d  WachdogActive                 
0000023e  WaitInfoATimeOut              
00000300  __STACK_END                   
00000050  __STACK_SIZE                  
0000f9fa  __TI_CINIT_Base               
0000fa02  __TI_CINIT_Limit              
0000f9f0  __TI_Handler_Table_Base       
0000f9f6  __TI_Handler_Table_Limit      
0000f9cc  __TI_ISR_TRAP                 
0000f7d8  __TI_auto_init_nobinit_nopinit
0000f57e  __TI_decompress_lzss          
0000f96c  __TI_decompress_none          
0000ffe4  __TI_int02                    
0000ffe6  __TI_int03                    
0000ffe8  __TI_int04                    
0000fff0  __TI_int08                    
0000fff2  __TI_int09                    
0000fff4  __TI_int10                    
0000fffc  __TI_int14                    
ffffffff  __TI_pprof_out_hndl           
ffffffff  __TI_prof_data_size           
ffffffff  __TI_prof_data_start          
0000f944  __TI_zero_init_nomemset       
ffffffff  __c_args__                    
0000f81a  __mspabi_divli                
0000f65a  __mspabi_divul                
0000f9ac  __mspabi_func_epilog_1        
0000f9aa  __mspabi_func_epilog_2        
0000f9a8  __mspabi_func_epilog_3        
0000f9a6  __mspabi_func_epilog_4        
0000f9a4  __mspabi_func_epilog_5        
0000f9a2  __mspabi_func_epilog_6        
0000f9a0  __mspabi_func_epilog_7        
0000f958  __mspabi_mpyi                 
0000f958  __mspabi_mpyi_sw              
0000f81a  __mspabi_remli                
0000f65a  __mspabi_remul                
0000f892  __mspabi_slli                 
0000f8ba  __mspabi_slli_1               
0000f8a8  __mspabi_slli_10              
0000f8a6  __mspabi_slli_11              
0000f8a4  __mspabi_slli_12              
0000f8a2  __mspabi_slli_13              
0000f8a0  __mspabi_slli_14              
0000f89e  __mspabi_slli_15              
0000f8b8  __mspabi_slli_2               
0000f8b6  __mspabi_slli_3               
0000f8b4  __mspabi_slli_4               
0000f8b2  __mspabi_slli_5               
0000f8b0  __mspabi_slli_6               
0000f8ae  __mspabi_slli_7               
0000f8ac  __mspabi_slli_8               
0000f8aa  __mspabi_slli_9               
0000f700  __mspabi_srli                 
0000f746  __mspabi_srli_1               
0000f722  __mspabi_srli_10              
0000f71e  __mspabi_srli_11              
0000f71a  __mspabi_srli_12              
0000f716  __mspabi_srli_13              
0000f712  __mspabi_srli_14              
0000f70e  __mspabi_srli_15              
0000f742  __mspabi_srli_2               
0000f73e  __mspabi_srli_3               
0000f73a  __mspabi_srli_4               
0000f736  __mspabi_srli_5               
0000f732  __mspabi_srli_6               
0000f72e  __mspabi_srli_7               
0000f72a  __mspabi_srli_8               
0000f726  __mspabi_srli_9               
0000f900  _c_int00_noargs               
0000fffe  _reset_vector                 
000002b0  _stack                        
0000f9e4  _system_post_cinit            
0000f9e0  _system_pre_init              
0000f9da  abort                         
0000023f  i2c_data_count                
0000f000  main                          
0000f97e  memcpy                        
0000022a  pI2Cdata                      


GLOBAL SYMBOLS: SORTED BY Symbol Address 

address   name                          
-------   ----                          
00000000  IE1                           
00000002  IFG1                          
00000020  P1IN                          
00000021  P1OUT                         
00000022  P1DIR                         
00000023  P1IFG                         
00000024  P1IES                         
00000025  P1IE                          
00000026  P1SEL                         
00000027  P1REN                         
00000028  P2IN                          
00000029  P2OUT                         
0000002a  P2DIR                         
0000002b  P2IFG                         
0000002c  P2IES                         
0000002d  P2IE                          
0000002e  P2SEL                         
0000002f  P2REN                         
00000041  P1SEL2                        
00000042  P2SEL2                        
00000050  __STACK_SIZE                  
00000053  BCSCTL3                       
00000056  DCOCTL                        
00000057  BCSCTL1                       
00000058  BCSCTL2                       
00000078  USICTL                        
00000078  USICTL0                       
00000079  USICTL1                       
0000007a  USICCTL                       
0000007a  USICKCTL                      
0000007b  USICNT                        
0000007c  USISR                         
0000007c  USISRL                        
0000007d  USISRH                        
00000120  WDTCTL                        
00000128  FCTL1                         
0000012a  FCTL2                         
0000012c  FCTL3                         
0000012e  TA0IV                         
00000160  TA0CTL                        
00000162  TA0CCTL0                      
00000164  TA0CCTL1                      
00000166  TA0CCTL2                      
00000170  TA0R                          
00000172  TA0CCR0                       
00000174  TA0CCR1                       
00000176  TA0CCR2                       
00000200  I2CCmd                        
00000204  I2CPreTime                    
00000208  I2CPreTimeRemain              
0000020c  I2CResetTimeOut               
00000210  I2CResetTimeOutRemain         
00000214  ActivePreTime                 
00000216  ActiveResetTimeOut            
00000218  CountHalfSec                  
0000021a  CountOneMin                   
0000021c  I2CPowerMode                  
0000021e  I2CState                      
00000220  PowerButton                   
00000222  ResetCountDown                
00000224  TimerCount                    
00000226  VLO50msCount                  
00000228  WDTState                      
0000022a  pI2Cdata                      
0000022c  Count50ms                     
0000022d  I2CRegister                   
0000022e  LedCount                      
0000022f  LedCycle                      
00000230  LedFlag                       
00000231  PowerPulseCountDown           
00000232  ResetCount                    
00000233  ResetFlag                     
00000234  ResetPulseCountDown           
00000235  TimerHalfSecFlag              
00000236  TimerMinFlag                  
00000237  WDICountDown                  
00000238  WDICurLevel                   
00000239  WDIPreLevel                   
0000023a  WDITrigger                    
0000023b  WDTCurLevel                   
0000023c  WDTPreLevel                   
0000023d  WachdogActive                 
0000023e  WaitInfoATimeOut              
0000023f  i2c_data_count                
00000240  ResetInCount                  
000002b0  _stack                        
00000300  __STACK_END                   
000010c0  TLV_CHECKSUM                  
000010da  TLV_ADC10_1_TAG               
000010db  TLV_ADC10_1_LEN               
000010f6  TLV_DCO_30_TAG                
000010f7  TLV_DCO_30_LEN                
000010f8  CALDCO_16MHZ                  
000010f9  CALBC1_16MHZ                  
000010fa  CALDCO_12MHZ                  
000010fb  CALBC1_12MHZ                  
000010fc  CALDCO_8MHZ                   
000010fd  CALBC1_8MHZ                   
000010fe  CALDCO_1MHZ                   
000010ff  CALBC1_1MHZ                   
0000f000  main                          
0000f288  USI_I2C_ISR                   
0000f44a  I2CProceed                    
0000f4fc  Timer0_A0                     
0000f57e  __TI_decompress_lzss          
0000f5fa  ResetInDetect                 
0000f65a  __mspabi_divul                
0000f65a  __mspabi_remul                
0000f6b2  WDTDetect                     
0000f700  __mspabi_srli                 
0000f70e  __mspabi_srli_15              
0000f712  __mspabi_srli_14              
0000f716  __mspabi_srli_13              
0000f71a  __mspabi_srli_12              
0000f71e  __mspabi_srli_11              
0000f722  __mspabi_srli_10              
0000f726  __mspabi_srli_9               
0000f72a  __mspabi_srli_8               
0000f72e  __mspabi_srli_7               
0000f732  __mspabi_srli_6               
0000f736  __mspabi_srli_5               
0000f73a  __mspabi_srli_4               
0000f73e  __mspabi_srli_3               
0000f742  __mspabi_srli_2               
0000f746  __mspabi_srli_1               
0000f74c  IOInit                        
0000f794  SetDCO                        
0000f7d8  __TI_auto_init_nobinit_nopinit
0000f81a  __mspabi_divli                
0000f81a  __mspabi_remli                
0000f85a  CalibrateVLO                  
0000f892  __mspabi_slli                 
0000f89e  __mspabi_slli_15              
0000f8a0  __mspabi_slli_14              
0000f8a2  __mspabi_slli_13              
0000f8a4  __mspabi_slli_12              
0000f8a6  __mspabi_slli_11              
0000f8a8  __mspabi_slli_10              
0000f8aa  __mspabi_slli_9               
0000f8ac  __mspabi_slli_8               
0000f8ae  __mspabi_slli_7               
0000f8b0  __mspabi_slli_6               
0000f8b2  __mspabi_slli_5               
0000f8b4  __mspabi_slli_4               
0000f8b6  __mspabi_slli_3               
0000f8b8  __mspabi_slli_2               
0000f8ba  __mspabi_slli_1               
0000f8be  I2CInit                       
0000f8e0  WDIDetect                     
0000f900  _c_int00_noargs               
0000f91c  Led_twinkle                   
0000f930  TimerInit                     
0000f944  __TI_zero_init_nomemset       
0000f958  __mspabi_mpyi                 
0000f958  __mspabi_mpyi_sw              
0000f96c  __TI_decompress_none          
0000f97e  memcpy                        
0000f990  Led_Disabled_twinkle          
0000f9a0  __mspabi_func_epilog_7        
0000f9a2  __mspabi_func_epilog_6        
0000f9a4  __mspabi_func_epilog_5        
0000f9a6  __mspabi_func_epilog_4        
0000f9a8  __mspabi_func_epilog_3        
0000f9aa  __mspabi_func_epilog_2        
0000f9ac  __mspabi_func_epilog_1        
0000f9b0  HalfSecTimerDisabled          
0000f9be  MinTimerDisabled              
0000f9cc  __TI_ISR_TRAP                 
0000f9d4  HalfSecTimerEnable            
0000f9da  C$$EXIT                       
0000f9da  abort                         
0000f9e0  _system_pre_init              
0000f9e4  _system_post_cinit            
0000f9e6  FWVersion                     
0000f9e9  NullData                      
0000f9f0  __TI_Handler_Table_Base       
0000f9f6  __TI_Handler_Table_Limit      
0000f9fa  __TI_CINIT_Base               
0000fa02  __TI_CINIT_Limit              
0000ffe4  __TI_int02                    
0000ffe6  __TI_int03                    
0000ffe8  __TI_int04                    
0000fff0  __TI_int08                    
0000fff2  __TI_int09                    
0000fff4  __TI_int10                    
0000fffc  __TI_int14                    
0000fffe  _reset_vector                 
ffffffff  __TI_pprof_out_hndl           
ffffffff  __TI_prof_data_size           
ffffffff  __TI_prof_data_start          
ffffffff  __c_args__                    

[191 symbols]
